../Core/Src/main.c:83:5:__io_putchar	16	static
../Core/Src/main.c:95:5:BMP280_init	8	static
../Core/Src/main.c:108:6:MPU9250_init	8	static
../Core/Src/main.c:130:6:MOT_Init	8	static
../Core/Src/main.c:144:6:HAL_TIM_PeriodElapsedCallback	16	static
../Core/Src/main.c:162:6:parse_RaspberryPI_Request	48	static
../Core/Src/main.c:192:6:HAL_UARTEx_RxEventCallback	16	static
../Core/Src/main.c:208:5:main	8	static
../Core/Src/main.c:278:6:SystemClock_Config	88	static
../Core/Src/main.c:329:6:Error_Handler	4	static,ignoring_inline_asm
