../Core/Src/main.c:82:5:__io_putchar	16	static
../Core/Src/main.c:94:5:BMP280_init	8	static
../Core/Src/main.c:107:6:MPU9250_init	8	static
../Core/Src/main.c:129:6:MOT_Init	8	static
../Core/Src/main.c:143:6:HAL_TIM_PeriodElapsedCallback	16	static
../Core/Src/main.c:161:6:parse_RaspberryPI_Request	48	static
../Core/Src/main.c:191:6:HAL_UARTEx_RxEventCallback	16	static
../Core/Src/main.c:207:5:main	8	static
../Core/Src/main.c:277:6:SystemClock_Config	88	static
../Core/Src/main.c:328:6:Error_Handler	4	static,ignoring_inline_asm
